// Jest Snapshot v1, https://goo.gl/fbAQLP

exports[`Spinner component Spinner render correctly 1`] = `
<div
  className="spinner spinner-border"
/>
`;
