// Jest Snapshot v1, https://goo.gl/fbAQLP

exports[`Hero component Hero render correctly 1`] = `
<div
  className="hero"
>
  <div
    className="container p-0"
  >
    <div
      className="hero__content"
    >
      <h1
        className="hero__content__text"
      >
        Gallery
      </h1>
    </div>
  </div>
</div>
`;
